pw: abc
████░░░░░░░░░░░░░░░░░░░░░░░░░░░░░░░░░░░░░░░░░░░░░░░░░░░ weak

pw: password
████████████░░░░░░░░░░░░░░░░░░░░░░░░░░░░░░░░░░░░░░░░░░░ fair

pw: Password1
████████████████████████████████░░░░░░░░░░░░░░░░░░░░░ strong

pw: Password1!
████████████████████████████████████████░░░░░░░░░░░░░ strong

pw: Correct-Horse-Battery-Staple!!
███████████████████████████████████████████░░░░░ very strong
