10┤   ██   ██   ██   ██   ██   ██   ██   ██   ██   ██
  │   ██   ██   ██   ██   ██   ██   ██   ██   ██   ██
 8┤   ██   ██   ██   ██   ██   ██   ██   ██   ██   ██
  │   ██   ██   ██   ██   ██   ██   ██   ██   ██   ██
 6┤   ██   ██   ██   ██   ██   ██   ██   ██   ██   ██
  │   ██   ██   ██   ██   ██   ██   ██   ██   ██   ██
 4┤   ██   ██   ██   ██   ██   ██   ██   ██   ██   ██
  │   ██   ██   ██   ██   ██   ██   ██   ██   ██   ██
 2┤   ██   ██   ██   ██   ██   ██   ██   ██   ██   ██
  │   ██   ██   ██   ██   ██   ██   ██   ██   ██   ██
 0┤   ██   ██   ██   ██   ██   ██   ██   ██   ██   ██
      0    9.   19   29   39   49   59   69   79   89
