=== styled-snapshot v1 ===
--- glyphs ---
100┤                            ████
   │                            ████
 80┤            ▆▆▆▆            ████
   │            ████    ▁▁▁▁    ████
 60┤            ████    ████    ████
   │    ▄▄▄▄    ████    ████    ████
 40┤    ████    ████    ████    ████
   │    ████    ████    ████    ████
 20┤    ████    ████    ████    ████
   │    ████    ████    ████    ████
  0┤    ████    ████    ████    ████
        Q1      Q2      Q3      Q4
--- styles ---
AAAB............................CCCC
...B............................CCCC
.AAB............DDDD............CCCC
...B............DDDD....EEEE....CCCC
.AAB............DDDD....EEEE....CCCC
...B....FFFF....DDDD....EEEE....CCCC
.AAB....FFFF....DDDD....EEEE....CCCC
...B....FFFF....DDDD....EEEE....CCCC
.AAB....FFFF....DDDD....EEEE....CCCC
...B....FFFF....DDDD....EEEE....CCCC
..AB....FFFF....DDDD....EEEE....CCCC
........AA......AA......AA......AA
--- legend ---
.: (default)
A: fg=#8080A0
B: fg=#808098
C: fg=#009E73
D: fg=#E69F00
E: fg=#56B4E9
F: fg=#999999
