=== styled-snapshot v1 ===
--- glyphs ---
100┤                            ████
   │                            ████
 80┤            ▆▆▆▆            ████
   │            ████    ▁▁▁▁    ████
 60┤            ████    ████    ████
   │    ▄▄▄▄    ████    ████    ████
 40┤    ████    ████    ████    ████
   │    ████    ████    ████    ████
 20┤    ████    ████    ████    ████
   │    ████    ████    ████    ████
  0┤    ████    ████    ████    ████
        Q1      Q2      Q3      Q4
--- styles ---
AAABCCCCCCCCCCCCCCCCCCCCCCCCCCCCDDDD
CCCBCCCCCCCCCCCCCCCCCCCCCCCCCCCCDDDD
CAABCCCCCCCCCCCCEEEECCCCCCCCCCCCDDDD
CCCBCCCCCCCCCCCCEEEECCCCFFFFCCCCDDDD
CAABCCCCCCCCCCCCEEEECCCCFFFFCCCCDDDD
CCCBCCCCGGGGCCCCEEEECCCCFFFFCCCCDDDD
CAABCCCCGGGGCCCCEEEECCCCFFFFCCCCDDDD
CCCBCCCCGGGGCCCCEEEECCCCFFFFCCCCDDDD
CAABCCCCGGGGCCCCEEEECCCCFFFFCCCCDDDD
CCCBCCCCGGGGCCCCEEEECCCCFFFFCCCCDDDD
CCABCCCCGGGGCCCCEEEECCCCFFFFCCCCDDDD
CCCCCCCCAACCCCCCAACCCCCCAACCCCCCAA
--- legend ---
.: (default)
A: fg=#8080A0 bg=#1A1A2E
B: fg=#808098 bg=#1A1A2E
C: fg=#C0C0C0 bg=#1A1A2E
D: fg=#009E73 bg=#1A1A2E
E: fg=#E69F00 bg=#1A1A2E
F: fg=#56B4E9 bg=#1A1A2E
G: fg=#999999 bg=#1A1A2E
